// Jest Snapshot v1, https://goo.gl/fbAQLP

exports[`InstructorCourseStudentEditPageComponent should snap when student is still loading 1`] = `
<tm-instructor-course-student-edit-page
  FormValidator={[Function Object]}
  courseId="undefined"
  hasStudentLoadingFailed="false"
  isEmailFieldChanged="false"
  isEnabled={[Function Boolean]}
  isFormSaving="false"
  isStudentLoading={[Function Boolean]}
  isTeamnameFieldChanged="false"
  navigationService={[Function NavigationService]}
  ngbModal={[Function NgbModal]}
  route={[Function ActivatedRoute]}
  router={[Function Router]}
  simpleModalService={[Function SimpleModalService]}
  statusMessageService={[Function StatusMessageService]}
  studentEmail="undefined"
  studentService={[Function StudentService]}
>
  <tm-loading-retry>
    
    
    <tm-loading-spinner>
      <div
        class="loading-container"
      >
        <div
          class="row spinner-border text-primary"
          role="status"
        />
        <div
          class="row text-secondary"
        >
          Loading...
        </div>
      </div>
    </tm-loading-spinner>
    
    
  </tm-loading-retry>
</tm-instructor-course-student-edit-page>
`;

exports[`InstructorCourseStudentEditPageComponent should snap with default fields 1`] = `
<tm-instructor-course-student-edit-page
  FormValidator={[Function Object]}
  courseId="undefined"
  hasStudentLoadingFailed="false"
  isEmailFieldChanged="false"
  isEnabled={[Function Boolean]}
  isFormSaving="false"
  isStudentLoading={[Function Boolean]}
  isTeamnameFieldChanged="false"
  navigationService={[Function NavigationService]}
  ngbModal={[Function NgbModal]}
  route={[Function ActivatedRoute]}
  router={[Function Router]}
  simpleModalService={[Function SimpleModalService]}
  statusMessageService={[Function StatusMessageService]}
  studentEmail="undefined"
  studentService={[Function StudentService]}
>
  <tm-loading-retry>
    
    
    <tm-loading-spinner>
      <div
        class="loading-container"
      >
        <div
          class="row spinner-border text-primary"
          role="status"
        />
        <div
          class="row text-secondary"
        >
          Loading...
        </div>
      </div>
    </tm-loading-spinner>
    
    
  </tm-loading-retry>
</tm-instructor-course-student-edit-page>
`;

exports[`InstructorCourseStudentEditPageComponent should snap with student details 1`] = `
<tm-instructor-course-student-edit-page
  FormValidator={[Function Object]}
  courseId="undefined"
  editForm={[Function FormGroup]}
  hasStudentLoadingFailed="false"
  isEmailFieldChanged="false"
  isEnabled={[Function Boolean]}
  isFormSaving="false"
  isStudentLoading="false"
  isTeamnameFieldChanged="false"
  navigationService={[Function NavigationService]}
  ngbModal={[Function NgbModal]}
  route={[Function ActivatedRoute]}
  router={[Function Router]}
  simpleModalService={[Function SimpleModalService]}
  statusMessageService={[Function StatusMessageService]}
  student={[Function Object]}
  studentEmail="undefined"
  studentService={[Function StudentService]}
>
  <tm-loading-retry>
    
    
    <div>
      
      <div
        class="card border-primary"
      >
        <div
          class="card-body fill-plain text-sm-left"
        >
          <form
            class="form form-horizontal ng-untouched ng-pristine ng-valid"
            id="instructor-student-edit-form"
            novalidate=""
          >
            <div
              class="form-row"
            >
              <label
                class="col-sm-2"
              >
                Course ID:
              </label>
              <div
                class="col-sm-10"
                id="courseid"
              >
                
              </div>
            </div>
            <div
              class="form-row"
            >
              <label
                class="col-sm-2 col-form-label"
              >
                Student Name:
              </label>
              <div
                class="col-sm-10"
              >
                <input
                  class="form-control ng-untouched ng-pristine ng-valid"
                  formcontrolname="studentname"
                  id="studentname"
                />
                
              </div>
            </div>
            <div
              class="form-row"
            >
              <label
                class="col-sm-2 col-form-label"
              >
                Section Name:
              </label>
              <div
                class="col-sm-10"
              >
                <input
                  class="form-control ng-untouched ng-pristine ng-valid"
                  formcontrolname="sectionname"
                  id="sectionname"
                />
                
              </div>
            </div>
            <div
              class="form-row"
            >
              <label
                class="col-sm-2 col-form-label"
              >
                Team Name:
              </label>
              <div
                class="col-sm-10"
              >
                <input
                  class="form-control col-form-label ng-untouched ng-pristine ng-valid"
                  formcontrolname="teamname"
                  id="teamname"
                  name="teamname"
                />
                
              </div>
            </div>
            <div
              class="form-row"
            >
              <label
                class="col-sm-2 col-form-label"
              >
                E-mail Address:
              </label>
              <div
                class="col-sm-10"
              >
                <input
                  class="form-control ng-untouched ng-pristine ng-valid"
                  formcontrolname="newstudentemail"
                  id="newstudentemail"
                />
                
              </div>
            </div>
            <div
              class="form-row"
            >
              <label
                class="col-sm-2 col-form-label"
              >
                Comments:
              </label>
              <div
                class="col-sm-10"
              >
                <textarea
                  class="form-control ng-untouched ng-pristine ng-valid"
                  formcontrolname="comments"
                  id="comments"
                  rows="6"
                >
                                
                </textarea>
              </div>
            </div>
            <br />
            <div
              class="text-center"
            >
              <button
                class="btn btn-success"
                id="btn-submit"
                type="submit"
              >
                <i
                  class="fas fa-save"
                />
                 Save Changes 
              </button>
            </div>
            <br />
            <br />
            
          </form>
        </div>
      </div>
    </div>
    
    
  </tm-loading-retry>
</tm-instructor-course-student-edit-page>
`;
