// Jest Snapshot v1, https://goo.gl/fbAQLP

exports[`InstructorStudentRecordsPageComponent should snap when student results are still loading 1`] = `
<tm-instructor-student-records-page
  commentService={[Function FeedbackResponseCommentService]}
  commentToCommentRowModel={[Function CommentToCommentRowModelPipe]}
  commentsToCommentTableModel={[Function CommentsToCommentTableModelPipe]}
  courseId={[Function String]}
  feedbackSessionsService={[Function FeedbackSessionsService]}
  hasStudentLoadingFailed="false"
  hasStudentProfileLoadingFailed="false"
  hasStudentResultsLoadingFailed="false"
  instructorCommentTableModel={[Function Object]}
  instructorService={[Function InstructorService]}
  isStudentLoading="false"
  isStudentProfileLoading="false"
  isStudentResultsLoading={[Function Boolean]}
  photoUrl={[Function String]}
  route={[Function Object]}
  sessionTabs={[Function Array]}
  statusMessageService={[Function StatusMessageService]}
  studentEmail={[Function String]}
  studentName={[Function String]}
  studentProfile={[Function Object]}
  studentProfileService={[Function StudentProfileService]}
  studentSection=""
  studentService={[Function StudentService]}
  studentTeam=""
  tableComparatorService={[Function TableComparatorService]}
>
  <h1
    id="records-header"
  >
    John Doe's Records
    <small
      class="text-muted text-break"
    >
       - CS1111
    </small>
  </h1><tm-loading-retry>
    
    
    <tm-student-profile />
    
    <tm-more-info />
    
    
  </tm-loading-retry><h2>
    Records in feedback sessions
  </h2><tm-loading-retry>
    
    
    <tm-loading-spinner>
      <div
        class="loading-container"
      >
        <div
          class="row spinner-border text-primary"
          role="status"
        />
        <div
          class="row text-secondary"
        >
          Loading...
        </div>
      </div>
    </tm-loading-spinner>
    
    
  </tm-loading-retry>
</tm-instructor-student-records-page>
`;

exports[`InstructorStudentRecordsPageComponent should snap with default fields 1`] = `
<tm-instructor-student-records-page
  commentService={[Function FeedbackResponseCommentService]}
  commentToCommentRowModel={[Function CommentToCommentRowModelPipe]}
  commentsToCommentTableModel={[Function CommentsToCommentTableModelPipe]}
  courseId={[Function String]}
  feedbackSessionsService={[Function FeedbackSessionsService]}
  hasStudentLoadingFailed="false"
  hasStudentProfileLoadingFailed="false"
  hasStudentResultsLoadingFailed="false"
  instructorCommentTableModel={[Function Object]}
  instructorService={[Function InstructorService]}
  isStudentLoading={[Function Boolean]}
  isStudentProfileLoading={[Function Boolean]}
  isStudentResultsLoading={[Function Boolean]}
  photoUrl={[Function String]}
  route={[Function Object]}
  sessionTabs={[Function Array]}
  statusMessageService={[Function StatusMessageService]}
  studentEmail={[Function String]}
  studentName=""
  studentProfile={[Function Object]}
  studentProfileService={[Function StudentProfileService]}
  studentSection=""
  studentService={[Function StudentService]}
  studentTeam=""
  tableComparatorService={[Function TableComparatorService]}
>
  <h1
    id="records-header"
  >
    's Records
    <small
      class="text-muted text-break"
    >
       - su1337
    </small>
  </h1><tm-loading-retry>
    
    
    <tm-loading-spinner>
      <div
        class="loading-container"
      >
        <div
          class="row spinner-border text-primary"
          role="status"
        />
        <div
          class="row text-secondary"
        >
          Loading...
        </div>
      </div>
    </tm-loading-spinner>
    
    <tm-loading-spinner>
      <div
        class="loading-container"
      >
        <div
          class="row spinner-border text-primary"
          role="status"
        />
        <div
          class="row text-secondary"
        >
          Loading...
        </div>
      </div>
    </tm-loading-spinner>
    
    
  </tm-loading-retry><h2>
    Records in feedback sessions
  </h2><tm-loading-retry>
    
    
    <tm-loading-spinner>
      <div
        class="loading-container"
      >
        <div
          class="row spinner-border text-primary"
          role="status"
        />
        <div
          class="row text-secondary"
        >
          Loading...
        </div>
      </div>
    </tm-loading-spinner>
    
    
  </tm-loading-retry>
</tm-instructor-student-records-page>
`;

exports[`InstructorStudentRecordsPageComponent should snap with populated fields 1`] = `
<tm-instructor-student-records-page
  commentService={[Function FeedbackResponseCommentService]}
  commentToCommentRowModel={[Function CommentToCommentRowModelPipe]}
  commentsToCommentTableModel={[Function CommentsToCommentTableModelPipe]}
  courseId={[Function String]}
  feedbackSessionsService={[Function FeedbackSessionsService]}
  hasStudentLoadingFailed="false"
  hasStudentProfileLoadingFailed="false"
  hasStudentResultsLoadingFailed="false"
  instructorCommentTableModel={[Function Object]}
  instructorService={[Function InstructorService]}
  isStudentLoading="false"
  isStudentProfileLoading="false"
  isStudentResultsLoading="false"
  photoUrl={[Function String]}
  route={[Function Object]}
  sessionTabs={[Function Array]}
  statusMessageService={[Function StatusMessageService]}
  studentEmail={[Function String]}
  studentName={[Function String]}
  studentProfile={[Function Object]}
  studentProfileService={[Function StudentProfileService]}
  studentSection=""
  studentService={[Function StudentService]}
  studentTeam=""
  tableComparatorService={[Function TableComparatorService]}
>
  <h1
    id="records-header"
  >
    Not John Doe's Records
    <small
      class="text-muted text-break"
    >
       - su1337
    </small>
  </h1><tm-loading-retry>
    
    
    <tm-student-profile />
    
    <tm-more-info />
    
    
  </tm-loading-retry><h2>
    Records in feedback sessions
  </h2><tm-loading-retry>
    
    
    <div>
      
    </div>
    
    
  </tm-loading-retry>
</tm-instructor-student-records-page>
`;
