// Jest Snapshot v1, https://goo.gl/fbAQLP

exports[`QuestionEditFormComponent should snap with default view 1`] = `
<tm-question-edit-form
  FeedbackParticipantType={[Function Object]}
  FeedbackQuestionType={[Function Object]}
  FeedbackVisibilityType={[Function Object]}
  NumberOfEntitiesToGiveFeedbackToSetting={[Function Object]}
  QuestionEditFormMode={[Function Object]}
  VisibilityControl={[Function Object]}
  allowedFeedbackPaths={[Function Map]}
  commonFeedbackPaths={[Function Map]}
  commonFeedbackVisibilitySettings={[Function Array]}
  createNewQuestionEvent={[Function EventEmitter]}
  deleteCurrentQuestionEvent={[Function EventEmitter]}
  discardExistingQuestionChangesEvent={[Function EventEmitter]}
  discardNewQuestionEvent={[Function EventEmitter]}
  duplicateCurrentQuestionEvent={[Function EventEmitter]}
  feedbackQuestionsService={[Function FeedbackQuestionsService]}
  formMode={[Function Number]}
  formModelChange={[Function EventEmitter]}
  isDisplayOnly="false"
  model={[Function Object]}
  numOfQuestions="0"
  saveExistingQuestionEvent={[Function EventEmitter]}
  simpleModalService={[Function SimpleModalService]}
  visibilityStateMachine={[Function VisibilityStateMachine]}
>
  <div
    class="card"
    id="question-form-0"
  >
    <div
      class="card-header bg-primary text-white cursor-pointer"
    >
      <div
        class="collapse-caret"
      >
        <tm-panel-chevron>
          <div
            class="chevron"
          >
            
            
            <i
              class="fas fa-chevron-up"
            />
          </div>
        </tm-panel-chevron>
      </div>
      <div
        id="question-header"
      >
        <strong>
          Question 
          
          <span
            id="question-number"
          >
            0
          </span>
        </strong>
        
         Essay question 
        
      </div>
      <div
        class="card-header-btn-toolbar"
      >
        
        <div>
          
          <button
            class="btn btn-primary btn-sm"
            id="btn-edit-question"
            type="button"
          >
            <i
              class="fas fa-pencil-alt"
            />
             Edit 
          </button>
          
          
          <button
            class="btn btn-primary btn-sm"
            id="btn-delete-question"
            type="button"
          >
            
            <i
              class="fas fa-trash"
            />
             Delete 
          </button>
          <button
            class="btn btn-primary btn-sm"
            container="body"
            id="btn-duplicate-question"
            ngbtooltip="Make a copy of the existing question and add to the current feedback session."
            type="button"
          >
            
            <i
              class="far fa-copy"
            />
             Duplicate 
          </button>
        </div>
        
      </div>
    </div>
    
    <div
      class="ng-trigger ng-trigger-collapseAnim"
      style=""
    >
      <div
        class="card-body"
      >
        <div
          class="background-color-light-blue"
        >
          <div
            class="row"
          >
            <div
              class="col-12"
            >
              <div
                class="row padding-15px text-left"
              >
                <div
                  class="col-md-2"
                >
                  <div
                    class="question-basic-info"
                  >
                    Question
                  </div>
                </div>
                <div
                  class="col-md-10"
                >
                  <textarea
                    class="form-control ng-untouched ng-pristine ng-valid"
                    disabled=""
                    id="question-brief"
                    placeholder="A concise version of the question e.g. \\"How well did the team member communicate?\\""
                  />
                </div>
              </div>
              <div
                class="row padding-15px text-left"
              >
                <div
                  class="col-md-2"
                >
                  <div
                    class="question-basic-info"
                  >
                    [Optional]
                    <br />
                    Description
                  </div>
                </div>
                <div
                  class="col-md-10"
                >
                  <tm-rich-text-editor
                    minheightinpx="100"
                    placeholdertext="More details about the question e.g. \\"In answering the question, do consider communications made informally within the team, and formal communications with the instructors and tutors.\\""
                  >
                    <div
                      inviewport=""
                    >
                      
                    </div>
                  </tm-rich-text-editor>
                </div>
              </div>
              <div
                class="padding-15px"
              >
                
                <tm-text-question-edit-details-form
                  style=""
                >
                  <div
                    class="row padding-15px"
                  >
                    <div
                      class="col-md-10 allow-rich-text"
                    >
                      <label>
                        <input
                          disabled=""
                          type="checkbox"
                        />
                        <a>
                           Allow rich-text formatting (e.g., bold text, links, bullet lists, colors, etc.) in the answers
                        </a>
                      </label>
                    </div>
                    <div
                      class="col-12 question-recommended-length"
                    >
                       [Optional] 
                      <span
                        class="ngb-tooltip-class"
                        ngbtooltip="The recommended length is shown to the respondent but not enforced"
                      >
                         Recommended length 
                      </span>
                       for the response: 
                      <input
                        class="form-control ng-untouched ng-pristine ng-valid"
                        disabled=""
                        id="recommended-length"
                        min="1"
                        type="number"
                      />
                       words 
                    </div>
                  </div>
                </tm-text-question-edit-details-form>
                
                
                
                
                
                
                
                
                
              </div>
            </div>
          </div>
        </div>
        <tm-feedback-path-panel>
          <div
            class="background-color-light-green margin-top-15px padding-15px"
          >
            <div>
              <b
                class="feedback-path-title"
              >
                Feedback Path
              </b>
               (Who is giving feedback about whom?) 
            </div>
            <div
              autoclose="outside"
              class="margin-top-15px dropdown"
              ngbdropdown=""
            >
              <button
                aria-expanded="false"
                aria-haspopup="true"
                class="btn btn-light white-space-normal dropdown-toggle"
                disabled=""
                id="btn-feedback-path"
                ngbdropdowntoggle=""
              >
                
                <span
                  style=""
                >
                   Students in this course will give feedback on 
                  <i
                    class="fas fa-arrow-right"
                  />
                   Other students in the course 
                </span>
                
              </button>
              <ul
                class="dropdown-menu"
                id="feedback-path-dropdown"
                ngbdropdownmenu=""
                x-placement="bottom"
              >
                <li
                  class="dropdown-header"
                >
                  Common feedback path combinations
                </li>
                
                <li
                  class="dropdown-divider"
                />
                <li
                  class="dropdown-item"
                >
                  Custom feedback path...
                </li>
              </ul>
            </div>
            
            
            <div
              class="row margin-top-15px align-items-center"
              style=""
            >
              <div
                class="offset-1 col-md-4 text-md-right"
              >
                 The maximum number of students each respondent should give feedback to: 
              </div>
              <div
                class="col-md-2"
              >
                <div
                  class="input-group"
                >
                  <div
                    class="input-group-prepend"
                  >
                    <div
                      class="input-group-text"
                    >
                      <input
                        class="ng-untouched ng-pristine ng-valid"
                        disabled=""
                        id="custom-recipients"
                        type="radio"
                      />
                    </div>
                  </div>
                  <input
                    class="form-control ng-untouched ng-pristine ng-valid"
                    disabled=""
                    id="custom-recipients-number"
                    min="1"
                    type="number"
                  />
                </div>
              </div>
              <div
                class="col-md-2"
              >
                <div
                  class="form-check"
                >
                  <label
                    class="form-check-label"
                  >
                    <input
                      class="form-check-input ng-untouched ng-pristine ng-valid"
                      disabled=""
                      id="unlimited-recipients"
                      type="radio"
                    />
                     Unlimited 
                  </label>
                </div>
              </div>
            </div>
          </div>
        </tm-feedback-path-panel>
        <tm-visibility-panel>
          <div
            class="margin-top-15px padding-15px background-color-light-green"
          >
            <div>
              
              <b
                class="visibility-title"
              >
                Visibility
              </b>
               (Who can see the responses?) 
            </div>
            <div
              class="margin-top-15px dropdown"
              ngbdropdown=""
            >
              <button
                aria-expanded="false"
                aria-haspopup="true"
                class="btn btn-light white-space-normal dropdown-toggle"
                disabled=""
                id="btn-question-visibility"
                ngbdropdowntoggle=""
              >
                
                <span
                  style=""
                >
                    
                </span>
                
              </button>
              <ul
                class="dropdown-menu"
                id="question-visibility-dropdown"
                ngbdropdownmenu=""
                x-placement="bottom"
              >
                <li
                  class="dropdown-header"
                >
                  Common visibility options
                </li>
                
                
                <li
                  class="dropdown-divider"
                  style=""
                />
                
                <li
                  class="dropdown-item"
                  style=""
                >
                  Custom visibility options...
                </li>
              </ul>
            </div>
            
            <div
              class="margin-top-15px visibility-message"
            >
               This is the visibility hint as seen by the feedback giver: 
              <ul
                class="text-muted background-color-warning"
              >
                
                
                
                
                
                
                
                
                
                
                
                
                
                
                
                
                
                
                <li
                  style=""
                >
                  No-one can see your responses
                </li>
              </ul>
            </div>
          </div>
        </tm-visibility-panel>
        
        <div
          class="row margin-top-15px"
          style=""
        >
          <div
            class="col-12 text-right"
          >
            
            <button
              class="btn btn-success"
              disabled=""
            >
              
              
              <span>
                <i
                  class="fas fa-check"
                />
                 Save Changes
              </span>
              
            </button>
          </div>
        </div>
      </div>
    </div>
  </div>
</tm-question-edit-form>
`;
